*********************************************************************
* LD Score Regression (LDSC)
* Version 1.0.1
* (C) 2014-2019 Brendan Bulik-Sullivan and Hilary Finucane
* Broad Institute of MIT and Harvard / MIT Department of Mathematics
* GNU General Public License v3
*********************************************************************
Call: 
./ldsc.py \
--print-snps list.txt \
--ld-wind-cm 1.0 \
--out /data/abattle4/prashanthi/recount3/ldsc/pathwaynetwork_annot_ld_script/all-genes/SAMGENIC.22 \
--bfile /data/abattle4/prashanthi/recount3/ldsc/pathwaynetwork_annot_ld_script/1000G_EUR_Phase3_plink/1000G.EUR.QC.22 \
--annot /data/abattle4/prashanthi/recount3/ldsc/pathwaynetwork_annot_ld_script/all-genes/SAMGENIC.22.annot.gz \
--l2  

Beginning analysis at Tue Oct  4 14:57:07 2022
Read list of 141123 SNPs from /data/abattle4/prashanthi/recount3/ldsc/pathwaynetwork_annot_ld_script/1000G_EUR_Phase3_plink/1000G.EUR.QC.22.bim
Read 1 annotations for 141123 SNPs from /data/abattle4/prashanthi/recount3/ldsc/pathwaynetwork_annot_ld_script/all-genes/SAMGENIC.22.annot.gz
Read list of 489 individuals from /data/abattle4/prashanthi/recount3/ldsc/pathwaynetwork_annot_ld_script/1000G_EUR_Phase3_plink/1000G.EUR.QC.22.fam
Reading genotypes from /data/abattle4/prashanthi/recount3/ldsc/pathwaynetwork_annot_ld_script/1000G_EUR_Phase3_plink/1000G.EUR.QC.22.bed
Estimating LD Score.
Reading list of 1217311 SNPs for which to print LD Scores from list.txt
After merging with --print-snps, LD Scores for 17489 SNPs will be printed.
Writing LD Scores for 17489 SNPs to /data/abattle4/prashanthi/recount3/ldsc/pathwaynetwork_annot_ld_script/all-genes/SAMGENIC.22.l2.ldscore.gz

Summary of LD Scores in /data/abattle4/prashanthi/recount3/ldsc/pathwaynetwork_annot_ld_script/all-genes/SAMGENIC.22.l2.ldscore.gz
         MAF        L2
mean  0.2366   83.2927
std   0.1435   82.6530
min   0.0051   -1.7235
25%   0.1094   29.4937
50%   0.2280   57.2377
75%   0.3579  110.9205
max   0.5000  601.7855

MAF/LD Score Correlation Matrix
        MAF      L2
MAF  1.0000  0.1154
L2   0.1154  1.0000

Annotation Correlation Matrix
                           SAMGENIC.extend.100kb.bed
SAMGENIC.extend.100kb.bed                        1.0

Annotation Matrix Column Sums
SAMGENIC.extend.100kb.bed    129110

Summary of Annotation Matrix Row Sums
count    141123.0000
mean          0.9149
std           0.2791
min           0.0000
25%           1.0000
50%           1.0000
75%           1.0000
max           1.0000
Analysis finished at Tue Oct  4 15:15:46 2022
Total time elapsed: 18.0m:39.3s
