*********************************************************************
* LD Score Regression (LDSC)
* Version 1.0.1
* (C) 2014-2019 Brendan Bulik-Sullivan and Hilary Finucane
* Broad Institute of MIT and Harvard / MIT Department of Mathematics
* GNU General Public License v3
*********************************************************************
Call: 
./ldsc.py \
--print-snps list.txt \
--ld-wind-cm 1.0 \
--out /data/abattle4/prashanthi/recount3/ldsc/pathwaynetwork_annot_ld_script/all-genes/SAMGENIC.1 \
--bfile /data/abattle4/prashanthi/recount3/ldsc/pathwaynetwork_annot_ld_script/1000G_EUR_Phase3_plink/1000G.EUR.QC.1 \
--annot /data/abattle4/prashanthi/recount3/ldsc/pathwaynetwork_annot_ld_script/all-genes/SAMGENIC.1.annot.gz \
--l2  

Beginning analysis at Tue Oct  4 14:08:40 2022
Read list of 779354 SNPs from /data/abattle4/prashanthi/recount3/ldsc/pathwaynetwork_annot_ld_script/1000G_EUR_Phase3_plink/1000G.EUR.QC.1.bim
Read 1 annotations for 779354 SNPs from /data/abattle4/prashanthi/recount3/ldsc/pathwaynetwork_annot_ld_script/all-genes/SAMGENIC.1.annot.gz
Read list of 489 individuals from /data/abattle4/prashanthi/recount3/ldsc/pathwaynetwork_annot_ld_script/1000G_EUR_Phase3_plink/1000G.EUR.QC.1.fam
Reading genotypes from /data/abattle4/prashanthi/recount3/ldsc/pathwaynetwork_annot_ld_script/1000G_EUR_Phase3_plink/1000G.EUR.QC.1.bed
Estimating LD Score.
Reading list of 1217311 SNPs for which to print LD Scores from list.txt
After merging with --print-snps, LD Scores for 98642 SNPs will be printed.
Writing LD Scores for 98642 SNPs to /data/abattle4/prashanthi/recount3/ldsc/pathwaynetwork_annot_ld_script/all-genes/SAMGENIC.1.l2.ldscore.gz

Summary of LD Scores in /data/abattle4/prashanthi/recount3/ldsc/pathwaynetwork_annot_ld_script/all-genes/SAMGENIC.1.l2.ldscore.gz
         MAF        L2
mean  0.2346   96.5324
std   0.1432   91.0038
min   0.0051   -3.8775
25%   0.1084   37.2321
50%   0.2239   72.5949
75%   0.3558  129.4272
max   0.5000  844.2741

MAF/LD Score Correlation Matrix
        MAF      L2
MAF  1.0000  0.1474
L2   0.1474  1.0000

Annotation Correlation Matrix
                           SAMGENIC.extend.100kb.bed
SAMGENIC.extend.100kb.bed                        1.0

Annotation Matrix Column Sums
SAMGENIC.extend.100kb.bed    657366

Summary of Annotation Matrix Row Sums
count    779354.0000
mean          0.8435
std           0.3634
min           0.0000
25%           1.0000
50%           1.0000
75%           1.0000
max           1.0000
Analysis finished at Tue Oct  4 16:14:24 2022
Total time elapsed: 2.0h:5.0m:44.49s
