*********************************************************************
* LD Score Regression (LDSC)
* Version 1.0.1
* (C) 2014-2019 Brendan Bulik-Sullivan and Hilary Finucane
* Broad Institute of MIT and Harvard / MIT Department of Mathematics
* GNU General Public License v3
*********************************************************************
Call: 
./ldsc.py \
--print-snps list.txt \
--ld-wind-cm 1.0 \
--out /data/abattle4/prashanthi/recount3/ldsc/pathwaynetwork_annot_ld_script/all-genes/SAMGENIC.11 \
--bfile /data/abattle4/prashanthi/recount3/ldsc/pathwaynetwork_annot_ld_script/1000G_EUR_Phase3_plink/1000G.EUR.QC.11 \
--annot /data/abattle4/prashanthi/recount3/ldsc/pathwaynetwork_annot_ld_script/all-genes/SAMGENIC.11.annot.gz \
--l2  

Beginning analysis at Tue Oct  4 14:56:59 2022
Read list of 493922 SNPs from /data/abattle4/prashanthi/recount3/ldsc/pathwaynetwork_annot_ld_script/1000G_EUR_Phase3_plink/1000G.EUR.QC.11.bim
Read 1 annotations for 493922 SNPs from /data/abattle4/prashanthi/recount3/ldsc/pathwaynetwork_annot_ld_script/all-genes/SAMGENIC.11.annot.gz
Read list of 489 individuals from /data/abattle4/prashanthi/recount3/ldsc/pathwaynetwork_annot_ld_script/1000G_EUR_Phase3_plink/1000G.EUR.QC.11.fam
Reading genotypes from /data/abattle4/prashanthi/recount3/ldsc/pathwaynetwork_annot_ld_script/1000G_EUR_Phase3_plink/1000G.EUR.QC.11.bed
Estimating LD Score.
Reading list of 1217311 SNPs for which to print LD Scores from list.txt
After merging with --print-snps, LD Scores for 60977 SNPs will be printed.
Writing LD Scores for 60977 SNPs to /data/abattle4/prashanthi/recount3/ldsc/pathwaynetwork_annot_ld_script/all-genes/SAMGENIC.11.l2.ldscore.gz

Summary of LD Scores in /data/abattle4/prashanthi/recount3/ldsc/pathwaynetwork_annot_ld_script/all-genes/SAMGENIC.11.l2.ldscore.gz
         MAF         L2
mean  0.2398   130.3356
std   0.1420   253.4629
min   0.0051   -10.8231
25%   0.1155    34.4612
50%   0.2301    73.9807
75%   0.3609   138.6705
max   0.5000  3146.2447

MAF/LD Score Correlation Matrix
        MAF      L2
MAF  1.0000  0.0119
L2   0.0119  1.0000

Annotation Correlation Matrix
                           SAMGENIC.extend.100kb.bed
SAMGENIC.extend.100kb.bed                        1.0

Annotation Matrix Column Sums
SAMGENIC.extend.100kb.bed    398030

Summary of Annotation Matrix Row Sums
count    493922.0000
mean          0.8059
std           0.3955
min           0.0000
25%           1.0000
50%           1.0000
75%           1.0000
max           1.0000
Analysis finished at Tue Oct  4 16:21:49 2022
Total time elapsed: 1.0h:24.0m:50.34s
