*********************************************************************
* LD Score Regression (LDSC)
* Version 1.0.1
* (C) 2014-2019 Brendan Bulik-Sullivan and Hilary Finucane
* Broad Institute of MIT and Harvard / MIT Department of Mathematics
* GNU General Public License v3
*********************************************************************
Call: 
./ldsc.py \
--print-snps list.txt \
--ld-wind-cm 1.0 \
--out /data/abattle4/prashanthi/recount3/ldsc/pathwaynetwork_annot_ld_script/all-genes/SAMGENIC.13 \
--bfile /data/abattle4/prashanthi/recount3/ldsc/pathwaynetwork_annot_ld_script/1000G_EUR_Phase3_plink/1000G.EUR.QC.13 \
--annot /data/abattle4/prashanthi/recount3/ldsc/pathwaynetwork_annot_ld_script/all-genes/SAMGENIC.13.annot.gz \
--l2  

Beginning analysis at Tue Oct  4 14:56:59 2022
Read list of 366200 SNPs from /data/abattle4/prashanthi/recount3/ldsc/pathwaynetwork_annot_ld_script/1000G_EUR_Phase3_plink/1000G.EUR.QC.13.bim
Read 1 annotations for 366200 SNPs from /data/abattle4/prashanthi/recount3/ldsc/pathwaynetwork_annot_ld_script/all-genes/SAMGENIC.13.annot.gz
Read list of 489 individuals from /data/abattle4/prashanthi/recount3/ldsc/pathwaynetwork_annot_ld_script/1000G_EUR_Phase3_plink/1000G.EUR.QC.13.fam
Reading genotypes from /data/abattle4/prashanthi/recount3/ldsc/pathwaynetwork_annot_ld_script/1000G_EUR_Phase3_plink/1000G.EUR.QC.13.bed
Estimating LD Score.
Reading list of 1217311 SNPs for which to print LD Scores from list.txt
After merging with --print-snps, LD Scores for 45546 SNPs will be printed.
Writing LD Scores for 45546 SNPs to /data/abattle4/prashanthi/recount3/ldsc/pathwaynetwork_annot_ld_script/all-genes/SAMGENIC.13.l2.ldscore.gz

Summary of LD Scores in /data/abattle4/prashanthi/recount3/ldsc/pathwaynetwork_annot_ld_script/all-genes/SAMGENIC.13.l2.ldscore.gz
         MAF        L2
mean  0.2338   72.8320
std   0.1428   68.9632
min   0.0051   -2.5229
25%   0.1074   22.7050
50%   0.2209   54.8602
75%   0.3548  103.9505
max   0.5000  536.5939

MAF/LD Score Correlation Matrix
        MAF      L2
MAF  1.0000  0.1606
L2   0.1606  1.0000

Annotation Correlation Matrix
                           SAMGENIC.extend.100kb.bed
SAMGENIC.extend.100kb.bed                        1.0

Annotation Matrix Column Sums
SAMGENIC.extend.100kb.bed    251408

Summary of Annotation Matrix Row Sums
count    366200.0000
mean          0.6865
std           0.4639
min           0.0000
25%           0.0000
50%           1.0000
75%           1.0000
max           1.0000
Analysis finished at Tue Oct  4 15:54:50 2022
Total time elapsed: 57.0m:50.97s
