*********************************************************************
* LD Score Regression (LDSC)
* Version 1.0.1
* (C) 2014-2019 Brendan Bulik-Sullivan and Hilary Finucane
* Broad Institute of MIT and Harvard / MIT Department of Mathematics
* GNU General Public License v3
*********************************************************************
Call: 
./ldsc.py \
--print-snps list.txt \
--ld-wind-cm 1.0 \
--out /data/abattle4/prashanthi/recount3/ldsc/pathwaynetwork_annot_ld_script/all-genes/SAMGENIC.8 \
--bfile /data/abattle4/prashanthi/recount3/ldsc/pathwaynetwork_annot_ld_script/1000G_EUR_Phase3_plink/1000G.EUR.QC.8 \
--annot /data/abattle4/prashanthi/recount3/ldsc/pathwaynetwork_annot_ld_script/all-genes/SAMGENIC.8.annot.gz \
--l2  

Beginning analysis at Tue Oct  4 14:56:39 2022
Read list of 549971 SNPs from /data/abattle4/prashanthi/recount3/ldsc/pathwaynetwork_annot_ld_script/1000G_EUR_Phase3_plink/1000G.EUR.QC.8.bim
Read 1 annotations for 549971 SNPs from /data/abattle4/prashanthi/recount3/ldsc/pathwaynetwork_annot_ld_script/all-genes/SAMGENIC.8.annot.gz
Read list of 489 individuals from /data/abattle4/prashanthi/recount3/ldsc/pathwaynetwork_annot_ld_script/1000G_EUR_Phase3_plink/1000G.EUR.QC.8.fam
Reading genotypes from /data/abattle4/prashanthi/recount3/ldsc/pathwaynetwork_annot_ld_script/1000G_EUR_Phase3_plink/1000G.EUR.QC.8.bed
Estimating LD Score.
Reading list of 1217311 SNPs for which to print LD Scores from list.txt
After merging with --print-snps, LD Scores for 64975 SNPs will be printed.
Writing LD Scores for 64975 SNPs to /data/abattle4/prashanthi/recount3/ldsc/pathwaynetwork_annot_ld_script/all-genes/SAMGENIC.8.l2.ldscore.gz

Summary of LD Scores in /data/abattle4/prashanthi/recount3/ldsc/pathwaynetwork_annot_ld_script/all-genes/SAMGENIC.8.l2.ldscore.gz
         MAF        L2
mean  0.2380  106.9854
std   0.1431  117.3496
min   0.0051   -5.0633
25%   0.1115   36.9470
50%   0.2280   75.6785
75%   0.3609  133.1842
max   0.5000  971.2427

MAF/LD Score Correlation Matrix
       MAF     L2
MAF  1.000  0.136
L2   0.136  1.000

Annotation Correlation Matrix
                           SAMGENIC.extend.100kb.bed
SAMGENIC.extend.100kb.bed                        1.0

Annotation Matrix Column Sums
SAMGENIC.extend.100kb.bed    428822

Summary of Annotation Matrix Row Sums
count    549971.0000
mean          0.7797
std           0.4144
min           0.0000
25%           1.0000
50%           1.0000
75%           1.0000
max           1.0000
Analysis finished at Tue Oct  4 16:28:38 2022
Total time elapsed: 1.0h:31.0m:59.66s
